C:\Users\Crims\OneDrive\Desktop\Programs\ST401Stitch\Temp\Includes\AS_TempDecl\MasterConfiguration_ServoRam\GlobalComponents\MpComponents.var
C:\Users\Crims\OneDrive\Desktop\Programs\ST401Stitch\Logical\Global.typ
C:\Users\Crims\OneDrive\Desktop\Programs\ST401Stitch\Logical\Global.var
C:\Users\Crims\OneDrive\Desktop\Programs\ST401Stitch\Logical\Libraries\operator\operator.fun
C:\Users\Crims\OneDrive\Desktop\Programs\ST401Stitch\Logical\Libraries\operator\operator.typ
C:\Users\Crims\OneDrive\Desktop\Programs\ST401Stitch\Logical\Libraries\operator\operator.var
C:\Users\Crims\OneDrive\Desktop\Programs\ST401Stitch\Logical\Libraries\runtime\runtime.fun
C:\Users\Crims\OneDrive\Desktop\Programs\ST401Stitch\Logical\Libraries\runtime\runtime.typ
C:\Users\Crims\OneDrive\Desktop\Programs\ST401Stitch\Logical\Libraries\runtime\runtime.var
C:\Users\Crims\OneDrive\Desktop\Programs\ST401Stitch\Logical\Libraries\astime\astime.fun
C:\Users\Crims\OneDrive\Desktop\Programs\ST401Stitch\Logical\Libraries\astime\astime.typ
C:\Users\Crims\OneDrive\Desktop\Programs\ST401Stitch\Logical\Libraries\astime\astime.var
C:\Users\Crims\OneDrive\Desktop\Programs\ST401Stitch\Logical\Libraries\AsIecCon\AsIecCon.fun
C:\Users\Crims\OneDrive\Desktop\Programs\ST401Stitch\Logical\Libraries\AsIecCon\AsIecCon.typ
C:\Users\Crims\OneDrive\Desktop\Programs\ST401Stitch\Logical\Libraries\AsIecCon\AsIecCon.var
C:\Users\Crims\OneDrive\Desktop\Programs\ST401Stitch\Logical\Libraries\standard\standard.fun
C:\Users\Crims\OneDrive\Desktop\Programs\ST401Stitch\Logical\Libraries\standard\standard.typ
C:\Users\Crims\OneDrive\Desktop\Programs\ST401Stitch\Logical\Libraries\standard\standard.var
C:\Users\Crims\OneDrive\Desktop\Programs\ST401Stitch\Logical\Libraries\brsystem\brsystem.fun
C:\Users\Crims\OneDrive\Desktop\Programs\ST401Stitch\Logical\Libraries\brsystem\brsystem.typ
C:\Users\Crims\OneDrive\Desktop\Programs\ST401Stitch\Logical\Libraries\brsystem\brsystem.var
C:\Users\Crims\OneDrive\Desktop\Programs\ST401Stitch\Logical\Libraries\sys_lib\sys_lib.fun
C:\Users\Crims\OneDrive\Desktop\Programs\ST401Stitch\Logical\Libraries\sys_lib\sys_lib.typ
C:\Users\Crims\OneDrive\Desktop\Programs\ST401Stitch\Logical\Libraries\sys_lib\sys_lib.var
C:\Users\Crims\OneDrive\Desktop\Programs\ST401Stitch\Logical\Libraries\Constants\Constants.var
C:\Users\Crims\OneDrive\Desktop\Programs\ST401Stitch\Logical\Libraries\Constants\AlarmNames.var
C:\Users\Crims\OneDrive\Desktop\Programs\ST401Stitch\Logical\Libraries\Vacuum\Types.typ
C:\Users\Crims\OneDrive\Desktop\Programs\ST401Stitch\Logical\Libraries\Vacuum\Constants.var
C:\Users\Crims\OneDrive\Desktop\Programs\ST401Stitch\Logical\Libraries\Vacuum\Vacuum.fun
C:\Users\Crims\OneDrive\Desktop\Programs\ST401Stitch\Logical\Libraries\FoldPush\Types.typ
C:\Users\Crims\OneDrive\Desktop\Programs\ST401Stitch\Logical\Libraries\FoldPush\Constants.var
C:\Users\Crims\OneDrive\Desktop\Programs\ST401Stitch\Logical\Libraries\FoldPush\FoldPush.fun
C:\Users\Crims\OneDrive\Desktop\Programs\ST401Stitch\Logical\Libraries\GluePatt\Types.typ
C:\Users\Crims\OneDrive\Desktop\Programs\ST401Stitch\Logical\Libraries\GluePatt\Constants.var
C:\Users\Crims\OneDrive\Desktop\Programs\ST401Stitch\Logical\Libraries\GluePatt\GluePatt.fun
C:\Users\Crims\OneDrive\Desktop\Programs\ST401Stitch\Logical\Libraries\SetRamPars\Types.typ
C:\Users\Crims\OneDrive\Desktop\Programs\ST401Stitch\Logical\Libraries\SetRamPars\Constants.var
C:\Users\Crims\OneDrive\Desktop\Programs\ST401Stitch\Logical\Libraries\SetRamPars\SetRamPars.fun
C:\Users\Crims\OneDrive\Desktop\Programs\ST401Stitch\Logical\Libraries\GrayToBin\Types.typ
C:\Users\Crims\OneDrive\Desktop\Programs\ST401Stitch\Logical\Libraries\GrayToBin\Constants.var
C:\Users\Crims\OneDrive\Desktop\Programs\ST401Stitch\Logical\Libraries\GrayToBin\GrayToBin.fun
C:\Users\Crims\OneDrive\Desktop\Programs\ST401Stitch\Logical\Libraries\AsBrStr\AsBrStr.fun
C:\Users\Crims\OneDrive\Desktop\Programs\ST401Stitch\Logical\Libraries\AsBrStr\AsBrStr.typ
C:\Users\Crims\OneDrive\Desktop\Programs\ST401Stitch\Logical\Libraries\AsBrStr\AsBrStr.var
C:\Users\Crims\OneDrive\Desktop\Programs\ST401Stitch\Logical\Libraries\InvErrTxt\InvErrTxt.typ
C:\Users\Crims\OneDrive\Desktop\Programs\ST401Stitch\Logical\Libraries\InvErrTxt\InvErrTxt.var
C:\Users\Crims\OneDrive\Desktop\Programs\ST401Stitch\Logical\Libraries\InvErrTxt\InvErrTxt.fun
C:\Users\Crims\OneDrive\Desktop\Programs\ST401Stitch\Logical\Libraries\DistCalc\Types.typ
C:\Users\Crims\OneDrive\Desktop\Programs\ST401Stitch\Logical\Libraries\DistCalc\Constants.var
C:\Users\Crims\OneDrive\Desktop\Programs\ST401Stitch\Logical\Libraries\DistCalc\DistCalc.fun
C:\Users\Crims\OneDrive\Desktop\Programs\ST401Stitch\Logical\Libraries\AsSafety\AsSafety.fun
C:\Users\Crims\OneDrive\Desktop\Programs\ST401Stitch\Logical\Libraries\AsSafety\AsSafety.typ
C:\Users\Crims\OneDrive\Desktop\Programs\ST401Stitch\Logical\Libraries\AsSafety\AsSafety.var
C:\Users\Crims\OneDrive\Desktop\Programs\ST401Stitch\Logical\Libraries\FileIO\FileIO.fun
C:\Users\Crims\OneDrive\Desktop\Programs\ST401Stitch\Logical\Libraries\FileIO\FileIO.typ
C:\Users\Crims\OneDrive\Desktop\Programs\ST401Stitch\Logical\Libraries\FileIO\FileIO.var
C:\Users\Crims\OneDrive\Desktop\Programs\ST401Stitch\Logical\Libraries\AsXml\AsXml.fun
C:\Users\Crims\OneDrive\Desktop\Programs\ST401Stitch\Logical\Libraries\AsXml\AsXml.typ
C:\Users\Crims\OneDrive\Desktop\Programs\ST401Stitch\Logical\Libraries\AsXml\AsXml.var
C:\Users\Crims\OneDrive\Desktop\Programs\ST401Stitch\Logical\Libraries\AsMbTcp\AsMbTCP.fun
C:\Users\Crims\OneDrive\Desktop\Programs\ST401Stitch\Logical\Libraries\AsMbTcp\AsMbTCP.typ
C:\Users\Crims\OneDrive\Desktop\Programs\ST401Stitch\Logical\Libraries\AsMbTcp\AsMbTCP.var
C:\Users\Crims\OneDrive\Desktop\Programs\ST401Stitch\Logical\Libraries\asstring\asstring.fun
C:\Users\Crims\OneDrive\Desktop\Programs\ST401Stitch\Logical\Libraries\asstring\asstring.typ
C:\Users\Crims\OneDrive\Desktop\Programs\ST401Stitch\Logical\Libraries\asstring\asstring.var
C:\Users\Crims\OneDrive\Desktop\Programs\ST401Stitch\Logical\Libraries\AsIOAcc\AsIOAcc.fun
C:\Users\Crims\OneDrive\Desktop\Programs\ST401Stitch\Logical\Libraries\AsIOAcc\AsIOAcc.typ
C:\Users\Crims\OneDrive\Desktop\Programs\ST401Stitch\Logical\Libraries\AsIOAcc\AsIOAcc.var
C:\Users\Crims\OneDrive\Desktop\Programs\ST401Stitch\Logical\Libraries\AsBrMath\AsBrMath.fun
C:\Users\Crims\OneDrive\Desktop\Programs\ST401Stitch\Logical\Libraries\AsBrMath\AsBrMath.typ
C:\Users\Crims\OneDrive\Desktop\Programs\ST401Stitch\Logical\Libraries\AsBrMath\AsBrMath.var
C:\Users\Crims\OneDrive\Desktop\Programs\ST401Stitch\Logical\Libraries\AsEPL\AsEPL.fun
C:\Users\Crims\OneDrive\Desktop\Programs\ST401Stitch\Logical\Libraries\AsEPL\AsEPL.typ
C:\Users\Crims\OneDrive\Desktop\Programs\ST401Stitch\Logical\Libraries\AsEPL\AsEPL.var
C:\Users\Crims\OneDrive\Desktop\Programs\ST401Stitch\Logical\Libraries\DataObj\DataObj.fun
C:\Users\Crims\OneDrive\Desktop\Programs\ST401Stitch\Logical\Libraries\DataObj\DataObj.typ
C:\Users\Crims\OneDrive\Desktop\Programs\ST401Stitch\Logical\Libraries\DataObj\DataObj.var
C:\Users\Crims\OneDrive\Desktop\Programs\ST401Stitch\Logical\Libraries\AsIODiag\AsIODiag.fun
C:\Users\Crims\OneDrive\Desktop\Programs\ST401Stitch\Logical\Libraries\AsIODiag\AsIODiag.typ
C:\Users\Crims\OneDrive\Desktop\Programs\ST401Stitch\Logical\Libraries\AsIODiag\AsIODiag.var
C:\Users\Crims\OneDrive\Desktop\Programs\ST401Stitch\Logical\Libraries\Acp10man\Acp10man.typ
C:\Users\Crims\OneDrive\Desktop\Programs\ST401Stitch\Logical\Libraries\Acp10par\Acp10par.var
C:\Users\Crims\OneDrive\Desktop\Programs\ST401Stitch\Logical\Libraries\NcGlobal\NcGlobal.fun
C:\Users\Crims\OneDrive\Desktop\Programs\ST401Stitch\Logical\Libraries\NcGlobal\NcGlobal.typ
C:\Users\Crims\OneDrive\Desktop\Programs\ST401Stitch\Logical\Libraries\NcGlobal\NcGlobal.var
C:\Users\Crims\OneDrive\Desktop\Programs\ST401Stitch\Logical\Libraries\Acp10sdc\acp10sdc.var
C:\Users\Crims\OneDrive\Desktop\Programs\ST401Stitch\Logical\Libraries\Acp10sdc\acp10sdc.typ
C:\Users\Crims\OneDrive\Desktop\Programs\ST401Stitch\Logical\Libraries\Acp10sim\acp10sim.var
C:\Users\Crims\OneDrive\Desktop\Programs\ST401Stitch\Logical\Libraries\Acp10sim\acp10sim.typ
C:\Users\Crims\OneDrive\Desktop\Programs\ST401Stitch\Logical\Libraries\Acp10_MC\acp10_mc.fun
C:\Users\Crims\OneDrive\Desktop\Programs\ST401Stitch\Logical\Libraries\Acp10_MC\acp10_mc.typ
C:\Users\Crims\OneDrive\Desktop\Programs\ST401Stitch\Logical\Libraries\Acp10_MC\acp10_mc.var
C:\Users\Crims\OneDrive\Desktop\Programs\ST401Stitch\Logical\Libraries\MpAxis\MpAxis.typ
C:\Users\Crims\OneDrive\Desktop\Programs\ST401Stitch\Logical\Libraries\MpAxis\MpAxisError.typ
C:\Users\Crims\OneDrive\Desktop\Programs\ST401Stitch\Logical\Libraries\MpAxis\MpAxisAlarm.typ
C:\Users\Crims\OneDrive\Desktop\Programs\ST401Stitch\Logical\Libraries\MpAxis\MpAxis.fun
C:\Users\Crims\OneDrive\Desktop\Programs\ST401Stitch\Logical\Libraries\MpBase\MpBase.typ
C:\Users\Crims\OneDrive\Desktop\Programs\ST401Stitch\Logical\Libraries\MpBase\MpBase.var
C:\Users\Crims\OneDrive\Desktop\Programs\ST401Stitch\Logical\Libraries\MpBase\MpBase.fun
C:\Users\Crims\OneDrive\Desktop\Programs\ST401Stitch\Logical\Libraries\MpAlarmX\MpAlarmX.typ
C:\Users\Crims\OneDrive\Desktop\Programs\ST401Stitch\Logical\Libraries\MpAlarmX\MpAlarmXError.typ
C:\Users\Crims\OneDrive\Desktop\Programs\ST401Stitch\Logical\Libraries\MpAlarmX\MpAlarmX.fun
C:\Users\Crims\OneDrive\Desktop\Programs\ST401Stitch\Logical\Libraries\MpCom\MpCom.var
C:\Users\Crims\OneDrive\Desktop\Programs\ST401Stitch\Logical\Libraries\MpCom\MpCom.typ
C:\Users\Crims\OneDrive\Desktop\Programs\ST401Stitch\Logical\Libraries\MpCom\MpComError.typ
C:\Users\Crims\OneDrive\Desktop\Programs\ST401Stitch\Logical\Libraries\MpCom\MpCom.fun
C:\Users\Crims\OneDrive\Desktop\Programs\ST401Stitch\Logical\Libraries\MpRecipe\MpRecipe.typ
C:\Users\Crims\OneDrive\Desktop\Programs\ST401Stitch\Logical\Libraries\MpRecipe\MpRecipeAlarm.typ
C:\Users\Crims\OneDrive\Desktop\Programs\ST401Stitch\Logical\Libraries\MpRecipe\MpRecipeError.typ
C:\Users\Crims\OneDrive\Desktop\Programs\ST401Stitch\Logical\Libraries\MpRecipe\MpRecipe.fun
C:\Users\Crims\OneDrive\Desktop\Programs\ST401Stitch\Logical\Libraries\MappCall\Types.typ
C:\Users\Crims\OneDrive\Desktop\Programs\ST401Stitch\Logical\Libraries\MappCall\Constants.var
C:\Users\Crims\OneDrive\Desktop\Programs\ST401Stitch\Logical\Libraries\MappCall\MappCall.fun
C:\Users\Crims\OneDrive\Desktop\Programs\ST401Stitch\Logical\Libraries\Types\Types.typ
C:\Users\Crims\OneDrive\Desktop\Programs\ST401Stitch\Logical\Libraries\AxisFUBs\Types.typ
C:\Users\Crims\OneDrive\Desktop\Programs\ST401Stitch\Logical\Libraries\AxisFUBs\Constants.var
C:\Users\Crims\OneDrive\Desktop\Programs\ST401Stitch\Logical\Libraries\AxisFUBs\AxisFUBs.fun
C:\Users\Crims\OneDrive\Desktop\Programs\ST401Stitch\Logical\Libraries\Lib_PBFlx\Types.typ
C:\Users\Crims\OneDrive\Desktop\Programs\ST401Stitch\Logical\Libraries\Lib_PBFlx\Constants.var
C:\Users\Crims\OneDrive\Desktop\Programs\ST401Stitch\Logical\Libraries\Lib_PBFlx\Lib_PBFlx.fun
