d:\current programs\stitchproject\temp\includes\gluepatt.h	D:\Current Programs\StitchProject\Logical\Libraries\Constants\Constants.var global
d:\current programs\stitchproject\temp\includes\actuators\adhesivecontrol\variablesvar.h	D:\Current Programs\StitchProject\Logical\Libraries\Constants\Constants.var global
c:\users\crims\onedrive\desktop\programs\st401stitch\temp\includes\types.h	C:\Users\Crims\OneDrive\Desktop\Programs\ST401Stitch\Logical\Libraries\Constants\Constants.var global
c:\users\crims\onedrive\desktop\programs\st401stitch\temp\includes\gluepatt.h	C:\Users\Crims\OneDrive\Desktop\Programs\ST401Stitch\Logical\Libraries\Constants\Constants.var global
d:\current programs\stitchproject\temp\includes\types.h	D:\Current Programs\StitchProject\Logical\Libraries\Constants\Constants.var global
c:\users\crims\onedrive\desktop\programs\st401stitch\temp\includes\actuators\adhesivecontrol\variablesvar.h	C:\Users\Crims\OneDrive\Desktop\Programs\ST401Stitch\Logical\Libraries\Constants\Constants.var global
